// Jest Snapshot v1, https://goo.gl/fbAQLP

exports[`Comment renders correctly 1`] = `
<div
  className="bg-[#f2f2f2] shadow-lg p-3 m-5 rounded-lg"
>
  <div>
    <div
      className="flex justify-between"
    >
      <h1
        className="font-bold text-[#212427] text-sm"
      >
         
        Joel
      </h1>
      <p
        className="text-slate-500 text-xs"
      >
         
        30 minutes ago
      </p>
    </div>
    <p
      className=" text-[#212427]"
    >
       
      I like this pattern
    </p>
  </div>
</div>
`;
